Bible file:       C:\Users\jeffr\Documents\ComfyUI\comfyui-custom-node-survival-guide\BUG_BIBLE.yaml
Total entries:    344
Phases:           1:4, 10:9, 11:65, 12:161, 2:16, 3:6, 4:14, 5:14, 6:7, 7:32, 8:8, 9:8
STATUS:           149 issue(s):
  - id='12.88' is missing key 'legacy_id'
  - id='12.89' is missing key 'legacy_id'
  - id='12.90' is missing key 'legacy_id'
  - id='12.91' is missing key 'legacy_id'
  - id='12.92' is missing key 'legacy_id'
  - id='12.93' is missing key 'legacy_id'
  - id='12.94' is missing key 'legacy_id'
  - id='12.95' is missing key 'legacy_id'
  - id='12.96' is missing key 'legacy_id'
  - id='12.127' is missing key 'legacy_id'
  - id='12.128' is missing key 'legacy_id'
  - id='12.129' is missing key 'legacy_id'
  - id='12.130' is missing key 'legacy_id'
  - id='12.131' is missing key 'legacy_id'
  - id='12.132' is missing key 'legacy_id'
  - id='12.133' is missing key 'legacy_id'
  - id='12.136' is missing key 'legacy_id'
  - id='12.137' is missing key 'legacy_id'
  - id='12.138' is missing key 'legacy_id'
  - id='03.06' has malformed legacy_id='LOG-20260723-double-load'
  - id='04.14' has malformed legacy_id='NEWBUG-20260731-scene-sequencer-music-sockets'
  - id='05.14' has malformed legacy_id='HANDOFF-L1589'
  - id='06.07' has malformed legacy_id='KIBITZ-2026-07-12-replay-leg'
  - id='07.30' has malformed legacy_id='HANDOFF-L2271, HANDOFF-L4173'
  - id='07.31' has malformed legacy_id='OTR-f70df546'
  - id='07.32' has malformed legacy_id='OTR-83eb759e'
  - id='09.08' has malformed legacy_id='KIBITZ-20260708-scope-accel'
  - id='10.08' has malformed legacy_id='BUGLOG-L11-cast-coherence'
  - id='10.09' has malformed legacy_id='KIBITZ-20260805-prompt-hash-seed'
  - id='11.57' has malformed legacy_id='HANDOFF-L1580'
  - id='11.58' has malformed legacy_id='KIBITZ-20260806-banana-route'
  - id='11.59' has malformed legacy_id='KIBITZ-20260805-bug-sprint-path-guard'
  - id='11.60' has malformed legacy_id='GITFIX-cdf8bffb'
  - id='12.79' has malformed legacy_id='HANDOFF-L2291'
  - id='12.80' has malformed legacy_id='HANDOFF-L206'
  - id='12.81' has malformed legacy_id='HANDOFF-L1070'
  - id='12.82' has malformed legacy_id='KIBITZ-20260805-gitignore-tmp-directory-miss'
  - id='12.83' has malformed legacy_id='KIBITZ-20260804-log-record-forgery'
  - id='12.84' has malformed legacy_id='RUNLOG-20260723-span-lla28'
  - id='12.85' has malformed legacy_id='GITFIX-80935627'
  - id='12.87' has malformed legacy_id='OTR-2026-08-09-validate-canonical-workflow-false-green'
  - id='12.98' has malformed legacy_id='OTR-2026-08-13-frame-cost-model'
  - id='12.99' has malformed legacy_id='OTR-2026-08-13-evidence-manifest-generator'
  - id='12.100' has malformed legacy_id='OTR-2026-08-13-writer-decode-runaway'
  - id='12.101' has malformed legacy_id='OTR-PBUG-20260814-01-ledger-speaker-drop'
  - id='12.102' has malformed legacy_id='OTR-2026-08-14-dossier-cap-refuses-a-rich-source'
  - id='12.103' has malformed legacy_id='OTR-PBUG-20260815-01-clean-stage-deletes-source-attribution'
  - id='12.104' has malformed legacy_id='OTR-PBUG-20260815-02a-authorized-clean-window-breaks-the-acceptance-receipt'
  - id='12.105' has malformed legacy_id='OTR-PBUG-20260815-03-fable2-end-delimiter-repair-loop'
  - id='12.106' has malformed legacy_id='OTR-PBUG-20260815-10-scene-review-request-exceeds-context-window'
  - id='12.107' has malformed legacy_id='OTR-PBUG-20260811-03-lemmy-cameo-widget-inert-on-dispatched-lanes'
  - id='12.108' has malformed legacy_id='OTR-PBUG-20260817-01-image-engine-negative-vetoes-selected-visual-style'
  - id='12.109' has malformed legacy_id='OTR-PBUG-20260817-02-lumina-engine-skipped-trained-prompt-start-convention'
  - id='11.61' has malformed legacy_id='OTR-PBUG-20260817-03-upstream-plan-name-pasted-into-assigned-character-record'
  - id='12.110' has malformed legacy_id='OTR-item-F-work-title-means-two-things-across-lanes'
  - id='12.111' has malformed legacy_id='OTR-2026-08-18-audition-overwrites-cited-evidence'
  - id='12.112' has malformed legacy_id='OTR-2026-08-18-audition-arm-env-contamination'
  - id='12.113' has malformed legacy_id='OTR-2026-08-18-scifi-news-pro-coda-leaks-the-news-read'
  - id='12.114' has malformed legacy_id='OTR-2026-08-17-lemmy-cameo-voice-cast-on-ordinary-character'
  - id='12.115' has malformed legacy_id='OTR-2026-08-15-media-archive-retells-newest-post-forever'
  - id='12.116' has malformed legacy_id='OTR-PBUG-20260819-01-normalize-dbfs-widget-does-nothing'
  - id='12.117' has malformed legacy_id='OTR-LTX25-encoder-reloaded-every-shot-cache-needs-episode-scoped-ownership'
  - id='12.118' has malformed legacy_id='OTR-LTX25-grid-detector-was-inverted-five-renders-spent-on-a-blind-metric'
  - id='12.119' has malformed legacy_id='OTR-2026-08-20-three-instruments-reported-success-while-doing-nothing'
  - id='12.121' has malformed legacy_id='OTR-2026-08-21-grid-rode-in-on-the-stills-and-the-drift-probe-obeyed-its-prompt'
  - id='12.122' has malformed legacy_id='OTR-2026-08-21-lane2-nested-dynamiccombo-killed-all-twelve-legs'
  - id='12.123' has malformed legacy_id='OTR-2026-08-21-lane3-screened-text-only-while-i2v-default-on'
  - id='12.124' has malformed legacy_id='OTR-2026-08-21-lane6-tiled-decode-blue-blob-in-every-wan-render'
  - id='12.125' has malformed legacy_id='OTR-2026-08-21-ideogram4-safety-filter-returns-a-valid-image'
  - id='12.126' has malformed legacy_id='OTR-2026-08-21-ideogram4-guard-field-painted-onto-the-card'
  - id='12.139' has malformed legacy_id='OTR-PBUG-20260823-01'
  - id='12.140' has malformed legacy_id='OTR-PBUG-20260823-02'
  - id='12.141' has malformed legacy_id='OTR-PBUG-20260901-01'
  - id='12.142' has malformed legacy_id='OTR-PBUG-20260901-02'
  - id='12.143' has malformed legacy_id='OTR-PBUG-20260901-03'
  - id='12.144' has malformed legacy_id='OTR-PBUG-20260901-04'
  - id='12.145' has malformed legacy_id='OTR-PBUG-20260902-01'
  - id='12.146' has malformed legacy_id='OTR-PBUG-20260902-02'
  - id='12.147' has malformed legacy_id='OTR-PBUG-20260902-04'
  - id='12.148' has malformed legacy_id='OTR-PBUG-20260903-01'
  - id='12.149' has malformed legacy_id='OTR-PBUG-20260903-02'
  - id='12.150' has malformed legacy_id='OTR-PBUG-20260903-03'
  - id='12.151' has malformed legacy_id='OTR-PBUG-20260904-01'
  - id='12.152' has malformed legacy_id='OTR-PBUG-20260903-07'
  - id='12.153' has malformed legacy_id='OTR-PBUG-20260904-02'
  - id='12.154' has malformed legacy_id='OTR-PBUG-20260904-03'
  - id='12.155' has malformed legacy_id='OTR-PBUG-20260904-04'
  - id='12.156' has malformed legacy_id='OTR-PBUG-20260904-06'
  - id='12.157' has malformed legacy_id='OTR-PBUG-20260906-08'
  - id='12.159' has malformed legacy_id='OTR-PBUG-20260909-04'
  - id='12.158' has malformed legacy_id='OTR-PBUG-20260906-09'
  - id='11.62' has malformed legacy_id='OTR-PBUG-20260910-04'
  - id='10.06' has non-kebab-case tag 'xref-10.04'
  - id='11.05' has non-kebab-case tag 'xref-02.03'
  - id='12.10' has non-kebab-case tag 'xref-12.09'
  - id='11.15' has non-kebab-case tag 'xref-11.13'
  - id='11.16' has non-kebab-case tag 'xref-11.09'
  - id='12.46' has non-kebab-case tag 'xref-12.19'
  - id='11.44' has non-kebab-case tag 'xref-11.40'
  - id='11.46' has non-kebab-case tag 'xref-11.37'
  - id='11.50' has non-kebab-case tag 'xref-11.30'
  - id='12.51' has non-kebab-case tag 'xref-12.49'
  - id='07.22' has non-kebab-case tag 'xref-07.16'
  - id='12.52' has non-kebab-case tag 'xref-12.47'
  - id='12.54' has non-kebab-case tag 'xref-12.49'
  - id='06.07' has non-kebab-case tag 'xref-06.01'
  - id='07.25' has non-kebab-case tag 'xref-07.13'
  - id='07.27' has non-kebab-case tag 'xref-07.16'
  - id='07.30' has non-kebab-case tag 'xref-12.73'
  - id='09.07' has non-kebab-case tag 'xref-01.04'
  - id='10.08' has non-kebab-case tag 'xref-10.06'
  - id='10.09' has non-kebab-case tag 'xref-12.55'
  - id='11.57' has non-kebab-case tag 'xref-11.26'
  - id='12.87' has non-kebab-case tag 'xref-12.86'
  - id='12.89' has non-kebab-case tag 'xref-12.51'
  - id='12.89' has non-kebab-case tag 'xref-12.90'
  - id='12.98' has non-kebab-case tag 'xref-12.73'
  - id='12.99' has non-kebab-case tag 'xref-12.98'
  - id='12.100' has non-kebab-case tag 'xref-11.50'
  - id='12.101' has non-kebab-case tag 'xref-12.99'
  - id='12.102' has non-kebab-case tag 'xref-12.100'
  - id='12.102' has non-kebab-case tag 'xref-12.101'
  - id='12.103' has non-kebab-case tag 'xref-12.49'
  - id='12.103' has non-kebab-case tag 'xref-12.54'
  - id='12.103' has non-kebab-case tag 'xref-12.60'
  - id='12.103' has non-kebab-case tag 'xref-12.86'
  - id='12.104' has non-kebab-case tag 'xref-12.49'
  - id='12.104' has non-kebab-case tag 'xref-12.86'
  - id='12.104' has non-kebab-case tag 'xref-12.103'
  - id='12.104' has non-kebab-case tag 'xref-12.105'
  - id='12.105' has non-kebab-case tag 'xref-11.26'
  - id='12.105' has non-kebab-case tag 'xref-11.35'
  - id='12.105' has non-kebab-case tag 'xref-12.103'
  - id='12.106' has non-kebab-case tag 'xref-12.86'
  - id='12.106' has non-kebab-case tag 'xref-12.104'
  - id='12.106' has non-kebab-case tag 'xref-12.105'
  - id='12.107' has non-kebab-case tag 'xref-12.86'
  - id='12.107' has non-kebab-case tag 'xref-12.104'
  - id='11.61' has non-kebab-case tag 'xref-10.03'
  - id='11.61' has non-kebab-case tag 'xref-10.08'
  - id='11.61' has non-kebab-case tag 'xref-12.103'
  - id='12.110' has non-kebab-case tag 'xref-11.61'
  - id='12.110' has non-kebab-case tag 'xref-12.89'
  - id='12.116' has non-kebab-case tag 'xref-12.107'
  - id='12.117' has non-kebab-case tag 'xref-12.87'
  - id='12.117' has non-kebab-case tag 'xref-12.110'
  - id='12.118' has non-kebab-case tag 'xref-11.61'
  - id='12.118' has non-kebab-case tag 'xref-12.87'
  - id='11.65' has non-kebab-case tag 'xref-11.39'
