[canonical-api] workflow=C:\Users\jeffr\Documents\ComfyUI\custom_nodes\ComfyUI-OldTimeRadio\workflows\otr_canonical.json
[canonical-api] run_label=5080_pairlock_04_captured_repair (label only -- the writer names the episode)
Traceback (most recent call last):
  File "C:\Users\jeffr\Documents\ComfyUI\.venv\Lib\site-packages\urllib3\connection.py", line 204, in _new_conn
    sock = connection.create_connection(
           ^^^^^^^^^^^^^^^^^^^^^^^^^^^^^
  File "C:\Users\jeffr\Documents\ComfyUI\.venv\Lib\site-packages\urllib3\util\connection.py", line 85, in create_connection
    raise err
  File "C:\Users\jeffr\Documents\ComfyUI\.venv\Lib\site-packages\urllib3\util\connection.py", line 73, in create_connection
    sock.connect(sa)
ConnectionRefusedError: [WinError 10061] No connection could be made because the target machine actively refused it

The above exception was the direct cause of the following exception:

Traceback (most recent call last):
  File "C:\Users\jeffr\Documents\ComfyUI\.venv\Lib\site-packages\urllib3\connectionpool.py", line 787, in urlopen
    response = self._make_request(
               ^^^^^^^^^^^^^^^^^^^
  File "C:\Users\jeffr\Documents\ComfyUI\.venv\Lib\site-packages\urllib3\connectionpool.py", line 493, in _make_request
    conn.request(
  File "C:\Users\jeffr\Documents\ComfyUI\.venv\Lib\site-packages\urllib3\connection.py", line 500, in request
    self.endheaders()
  File "C:\Users\jeffr\AppData\Roaming\uv\python\cpython-3.12.11-windows-x86_64-none\Lib\http\client.py", line 1333, in endheaders
    self._send_output(message_body, encode_chunked=encode_chunked)
  File "C:\Users\jeffr\AppData\Roaming\uv\python\cpython-3.12.11-windows-x86_64-none\Lib\http\client.py", line 1093, in _send_output
    self.send(msg)
  File "C:\Users\jeffr\AppData\Roaming\uv\python\cpython-3.12.11-windows-x86_64-none\Lib\http\client.py", line 1037, in send
    self.connect()
  File "C:\Users\jeffr\Documents\ComfyUI\.venv\Lib\site-packages\urllib3\connection.py", line 331, in connect
    self.sock = self._new_conn()
                ^^^^^^^^^^^^^^^^
  File "C:\Users\jeffr\Documents\ComfyUI\.venv\Lib\site-packages\urllib3\connection.py", line 219, in _new_conn
    raise NewConnectionError(
urllib3.exceptions.NewConnectionError: HTTPConnection(host='127.0.0.1', port=8000): Failed to establish a new connection: [WinError 10061] No connection could be made because the target machine actively refused it

The above exception was the direct cause of the following exception:

Traceback (most recent call last):
  File "C:\Users\jeffr\Documents\ComfyUI\.venv\Lib\site-packages\requests\adapters.py", line 644, in send
    resp = conn.urlopen(
           ^^^^^^^^^^^^^
  File "C:\Users\jeffr\Documents\ComfyUI\.venv\Lib\site-packages\urllib3\connectionpool.py", line 841, in urlopen
    retries = retries.increment(
              ^^^^^^^^^^^^^^^^^^
  File "C:\Users\jeffr\Documents\ComfyUI\.venv\Lib\site-packages\urllib3\util\retry.py", line 535, in increment
    raise MaxRetryError(_pool, url, reason) from reason  # type: ignore[arg-type]
    ^^^^^^^^^^^^^^^^^^^^^^^^^^^^^^^^^^^^^^^^^^^^^^^^^^^
urllib3.exceptions.MaxRetryError: HTTPConnectionPool(host='127.0.0.1', port=8000): Max retries exceeded with url: /object_info (Caused by NewConnectionError("HTTPConnection(host='127.0.0.1', port=8000): Failed to establish a new connection: [WinError 10061] No connection could be made because the target machine actively refused it"))

During handling of the above exception, another exception occurred:

Traceback (most recent call last):
  File "C:\Users\jeffr\Documents\ComfyUI\custom_nodes\ComfyUI-OldTimeRadio\scripts\otr_canonical_api_run.py", line 514, in <module>
    raise SystemExit(main())
                     ^^^^^^
  File "C:\Users\jeffr\Documents\ComfyUI\custom_nodes\ComfyUI-OldTimeRadio\scripts\otr_canonical_api_run.py", line 439, in main
    prompt, applied = build_api_prompt(args)
                      ^^^^^^^^^^^^^^^^^^^^^^
  File "C:\Users\jeffr\Documents\ComfyUI\custom_nodes\ComfyUI-OldTimeRadio\scripts\otr_canonical_api_run.py", line 165, in build_api_prompt
    schemas = _schemas(args.offline_schemas)
              ^^^^^^^^^^^^^^^^^^^^^^^^^^^^^^
  File "C:\Users\jeffr\Documents\ComfyUI\custom_nodes\ComfyUI-OldTimeRadio\scripts\otr_canonical_api_run.py", line 133, in _schemas
    return fetch_schemas()
           ^^^^^^^^^^^^^^^
  File "C:\Users\jeffr\Documents\ComfyUI\custom_nodes\ComfyUI-OldTimeRadio\scripts\otr_api.py", line 70, in fetch_schemas
    resp = requests.get(f"{COMFYUI_URL}/object_info", timeout=30)
           ^^^^^^^^^^^^^^^^^^^^^^^^^^^^^^^^^^^^^^^^^^^^^^^^^^^^^^
  File "C:\Users\jeffr\Documents\ComfyUI\.venv\Lib\site-packages\requests\api.py", line 73, in get
    return request("get", url, params=params, **kwargs)
           ^^^^^^^^^^^^^^^^^^^^^^^^^^^^^^^^^^^^^^^^^^^^
  File "C:\Users\jeffr\Documents\ComfyUI\.venv\Lib\site-packages\requests\api.py", line 59, in request
    return session.request(method=method, url=url, **kwargs)
           ^^^^^^^^^^^^^^^^^^^^^^^^^^^^^^^^^^^^^^^^^^^^^^^^^
  File "C:\Users\jeffr\Documents\ComfyUI\.venv\Lib\site-packages\requests\sessions.py", line 589, in request
    resp = self.send(prep, **send_kwargs)
           ^^^^^^^^^^^^^^^^^^^^^^^^^^^^^^
  File "C:\Users\jeffr\Documents\ComfyUI\.venv\Lib\site-packages\requests\sessions.py", line 703, in send
    r = adapter.send(request, **kwargs)
        ^^^^^^^^^^^^^^^^^^^^^^^^^^^^^^^
  File "C:\Users\jeffr\Documents\ComfyUI\.venv\Lib\site-packages\requests\adapters.py", line 677, in send
    raise ConnectionError(e, request=request)
requests.exceptions.ConnectionError: HTTPConnectionPool(host='127.0.0.1', port=8000): Max retries exceeded with url: /object_info (Caused by NewConnectionError("HTTPConnection(host='127.0.0.1', port=8000): Failed to establish a new connection: [WinError 10061] No connection could be made because the target machine actively refused it"))
