[canonical-api] workflow=C:\Users\jeffr\Documents\ComfyUI\custom_nodes\ComfyUI-OldTimeRadio\workflows\otr_canonical.json
[canonical-api] run_label=5080_pairlock_08_gemma_feedback (label only -- the writer names the episode)
[otr_api] RESOLVED PROFILE otr_w45_still_pan (45-word run: still_pan) -- 16 overrides:
  role_overrides.announcer_visual=still_pan
  role_overrides.music_visual=still_pan
  role_overrides.character_visual=still_pan
  role_overrides.announcer_image=z_image_turbo
  role_overrides.music_image=z_image_turbo
  role_overrides.character_image=z_image_turbo
  slot_overrides.voice_bank=default
  slot_overrides.cast_voice_policy=auto_registry
  slot_overrides.char_voice_engine=indextts2
  slot_overrides.announcer_voice_engine=kokoro
  slot_overrides.music_engine=stable_audio_3
  slot_overrides.video_render_engine=still_pan
  features.burn_captions=True
  features.caption_style=sdh_standard
  seed_policy.request_seed=42
  seed_policy.seed_mode=request_hash
[canonical-api] comfy_url=http://127.0.0.1:8000
[canonical-api] prompt_nodes=23
[canonical-api] prompt_dump=C:\Users\jeffr\Documents\ComfyUI\custom_nodes\ComfyUI-OldTimeRadio\docs\2026-09-11-my-story-5080-qualification\pairlock_08_prompt.json
[canonical-api] applied:
  profile=otr_w45_still_pan
  OTR_LedgerScriptWriter.creative_writing_model='google/gemma-4-12b-it (23.9 GB, nv16 nv24)'
  OTR_LedgerScriptWriter.technical_model='google/gemma-4-12b-it (23.9 GB, nv16 nv24)'
  OTR_LedgerScriptWriter.source_bank='my_story'
  OTR_LedgerScriptWriter.custom_premise='Jeffrey shares a warm present-day dinner with his living mother at the same table in Los Angeles. Remembering his Bay Area childhood makes him appreciate the life and family he still has.'
  OTR_LedgerScriptWriter.story_characters='Jeffrey is an adult man who loves Los Angeles and remembers growing up in the Bay Area. His mother is alive, physically present, and eating dinner with Jeffrey at their shared Los Angeles table. Jeffrey has a girlfriend, who is a different person from his mother and is not attending this dinner. Only Jeffrey and his mother speak in the dramatic scene, apart from the announcer.'
  OTR_LedgerScriptWriter.story_plot='Begin with Jeffrey and his living mother already seated together at the same dinner table in Los Angeles. They share food and talk face to face about an affectionate memory from his childhood in the Bay Area. The memory is discussed at their present-day table; do not move either person into a separate scene. His mother responds with her own warm recollection. Jeffrey briefly mentions his girlfriend as a separate person. End with Jeffrey and his mother still together at that same table, enjoying their meal and choosing to appreciate their lives now. Keep both people physically present throughout this single continuous scene. There is no death, grief, abandonment, empty-chair vigil, waiting for Jeffrey to arrive, fire, emergency, or replacement of his mother by his girlfriend.'
  OTR_LedgerScriptWriter.story_setting='A comfortable Los Angeles home dining room in the present day, at one shared dinner table in the evening. Jeffrey and his living mother sit across from each other with plates of food. Warm domestic conversation, clinking cutlery, and a little affectionate humor. Bay Area childhood is a spoken memory; the physical setting remains the shared Los Angeles table.'
  OTR_LedgerScriptWriter.story_author=''
  OTR_LedgerScriptWriter.num_characters=2
  OTR_LedgerScriptWriter.act_count='1'
  OTR_LedgerScriptWriter.visual_style='roll (any style)'
[canonical-api] DRY_RUN complete; prompt not submitted
[canonical-api] workflow=C:\Users\jeffr\Documents\ComfyUI\custom_nodes\ComfyUI-OldTimeRadio\workflows\otr_canonical.json
[canonical-api] run_label=5080_pairlock_08_gemma_feedback (label only -- the writer names the episode)
[otr_api] RESOLVED PROFILE otr_w45_still_pan (45-word run: still_pan) -- 16 overrides:
  role_overrides.announcer_visual=still_pan
  role_overrides.music_visual=still_pan
  role_overrides.character_visual=still_pan
  role_overrides.announcer_image=z_image_turbo
  role_overrides.music_image=z_image_turbo
  role_overrides.character_image=z_image_turbo
  slot_overrides.voice_bank=default
  slot_overrides.cast_voice_policy=auto_registry
  slot_overrides.char_voice_engine=indextts2
  slot_overrides.announcer_voice_engine=kokoro
  slot_overrides.music_engine=stable_audio_3
  slot_overrides.video_render_engine=still_pan
  features.burn_captions=True
  features.caption_style=sdh_standard
  seed_policy.request_seed=42
  seed_policy.seed_mode=request_hash
[canonical-api] comfy_url=http://127.0.0.1:8000
[canonical-api] prompt_nodes=23
[canonical-api] prompt_dump=C:\Users\jeffr\Documents\ComfyUI\custom_nodes\ComfyUI-OldTimeRadio\docs\2026-09-11-my-story-5080-qualification\pairlock_08_prompt.json
[canonical-api] applied:
  profile=otr_w45_still_pan
  OTR_LedgerScriptWriter.creative_writing_model='google/gemma-4-12b-it (23.9 GB, nv16 nv24)'
  OTR_LedgerScriptWriter.technical_model='google/gemma-4-12b-it (23.9 GB, nv16 nv24)'
  OTR_LedgerScriptWriter.source_bank='my_story'
  OTR_LedgerScriptWriter.custom_premise='Jeffrey shares a warm present-day dinner with his living mother at the same table in Los Angeles. Remembering his Bay Area childhood makes him appreciate the life and family he still has.'
  OTR_LedgerScriptWriter.story_characters='Jeffrey is an adult man who loves Los Angeles and remembers growing up in the Bay Area. His mother is alive, physically present, and eating dinner with Jeffrey at their shared Los Angeles table. Jeffrey has a girlfriend, who is a different person from his mother and is not attending this dinner. Only Jeffrey and his mother speak in the dramatic scene, apart from the announcer.'
  OTR_LedgerScriptWriter.story_plot='Begin with Jeffrey and his living mother already seated together at the same dinner table in Los Angeles. They share food and talk face to face about an affectionate memory from his childhood in the Bay Area. The memory is discussed at their present-day table; do not move either person into a separate scene. His mother responds with her own warm recollection. Jeffrey briefly mentions his girlfriend as a separate person. End with Jeffrey and his mother still together at that same table, enjoying their meal and choosing to appreciate their lives now. Keep both people physically present throughout this single continuous scene. There is no death, grief, abandonment, empty-chair vigil, waiting for Jeffrey to arrive, fire, emergency, or replacement of his mother by his girlfriend.'
  OTR_LedgerScriptWriter.story_setting='A comfortable Los Angeles home dining room in the present day, at one shared dinner table in the evening. Jeffrey and his living mother sit across from each other with plates of food. Warm domestic conversation, clinking cutlery, and a little affectionate humor. Bay Area childhood is a spoken memory; the physical setting remains the shared Los Angeles table.'
  OTR_LedgerScriptWriter.story_author=''
  OTR_LedgerScriptWriter.num_characters=2
  OTR_LedgerScriptWriter.act_count='1'
  OTR_LedgerScriptWriter.visual_style='roll (any style)'
[canonical-api] QUEUED prompt_id=8c575ba7-94d1-40b7-b9e8-b43ffc9c9a73
[canonical-api] t=0s prompt_id=8c575ba7-94d1-40b7-b9e8-b43ffc9c9a73 status=queued
[canonical-api] t=0s prompt_id=8c575ba7-94d1-40b7-b9e8-b43ffc9c9a73 status=pending
[canonical-api] t=5s prompt_id=8c575ba7-94d1-40b7-b9e8-b43ffc9c9a73 status=pending
[canonical-api] t=10s prompt_id=8c575ba7-94d1-40b7-b9e8-b43ffc9c9a73 status=pending
[canonical-api] t=15s prompt_id=8c575ba7-94d1-40b7-b9e8-b43ffc9c9a73 status=pending
[canonical-api] t=20s prompt_id=8c575ba7-94d1-40b7-b9e8-b43ffc9c9a73 status=pending
[canonical-api] t=25s prompt_id=8c575ba7-94d1-40b7-b9e8-b43ffc9c9a73 status=pending
[canonical-api] t=30s prompt_id=8c575ba7-94d1-40b7-b9e8-b43ffc9c9a73 status=pending
[canonical-api] t=35s prompt_id=8c575ba7-94d1-40b7-b9e8-b43ffc9c9a73 status=pending
[canonical-api] t=40s prompt_id=8c575ba7-94d1-40b7-b9e8-b43ffc9c9a73 status=pending
[canonical-api] t=45s prompt_id=8c575ba7-94d1-40b7-b9e8-b43ffc9c9a73 status=pending
[canonical-api] t=50s prompt_id=8c575ba7-94d1-40b7-b9e8-b43ffc9c9a73 status=pending
[canonical-api] t=55s prompt_id=8c575ba7-94d1-40b7-b9e8-b43ffc9c9a73 status=pending
[canonical-api] t=60s prompt_id=8c575ba7-94d1-40b7-b9e8-b43ffc9c9a73 status=pending
[canonical-api] t=65s prompt_id=8c575ba7-94d1-40b7-b9e8-b43ffc9c9a73 status=pending
[canonical-api] t=71s prompt_id=8c575ba7-94d1-40b7-b9e8-b43ffc9c9a73 status=pending
[canonical-api] t=76s prompt_id=8c575ba7-94d1-40b7-b9e8-b43ffc9c9a73 status=pending
[canonical-api] t=81s prompt_id=8c575ba7-94d1-40b7-b9e8-b43ffc9c9a73 status=pending
[canonical-api] t=86s prompt_id=8c575ba7-94d1-40b7-b9e8-b43ffc9c9a73 status=pending
[canonical-api] t=91s prompt_id=8c575ba7-94d1-40b7-b9e8-b43ffc9c9a73 status=pending
[canonical-api] t=96s prompt_id=8c575ba7-94d1-40b7-b9e8-b43ffc9c9a73 status=pending
[canonical-api] t=101s prompt_id=8c575ba7-94d1-40b7-b9e8-b43ffc9c9a73 status=pending
[canonical-api] t=106s prompt_id=8c575ba7-94d1-40b7-b9e8-b43ffc9c9a73 status=pending
[canonical-api] t=111s prompt_id=8c575ba7-94d1-40b7-b9e8-b43ffc9c9a73 status=pending
[canonical-api] t=116s prompt_id=8c575ba7-94d1-40b7-b9e8-b43ffc9c9a73 status=pending
[canonical-api] t=121s prompt_id=8c575ba7-94d1-40b7-b9e8-b43ffc9c9a73 status=pending
[canonical-api] t=126s prompt_id=8c575ba7-94d1-40b7-b9e8-b43ffc9c9a73 status=pending
[canonical-api] t=131s prompt_id=8c575ba7-94d1-40b7-b9e8-b43ffc9c9a73 status=pending
[canonical-api] t=136s prompt_id=8c575ba7-94d1-40b7-b9e8-b43ffc9c9a73 status=pending
[canonical-api] t=141s prompt_id=8c575ba7-94d1-40b7-b9e8-b43ffc9c9a73 status=pending
[canonical-api] t=146s prompt_id=8c575ba7-94d1-40b7-b9e8-b43ffc9c9a73 status=pending
[canonical-api] t=151s prompt_id=8c575ba7-94d1-40b7-b9e8-b43ffc9c9a73 status=pending
[canonical-api] t=156s prompt_id=8c575ba7-94d1-40b7-b9e8-b43ffc9c9a73 status=pending
[canonical-api] t=161s prompt_id=8c575ba7-94d1-40b7-b9e8-b43ffc9c9a73 status=pending
[canonical-api] t=166s prompt_id=8c575ba7-94d1-40b7-b9e8-b43ffc9c9a73 status=pending
[canonical-api] t=171s prompt_id=8c575ba7-94d1-40b7-b9e8-b43ffc9c9a73 status=pending
[canonical-api] t=176s prompt_id=8c575ba7-94d1-40b7-b9e8-b43ffc9c9a73 status=pending
[canonical-api] t=181s prompt_id=8c575ba7-94d1-40b7-b9e8-b43ffc9c9a73 status=pending
[canonical-api] t=186s prompt_id=8c575ba7-94d1-40b7-b9e8-b43ffc9c9a73 status=pending
[canonical-api] t=191s prompt_id=8c575ba7-94d1-40b7-b9e8-b43ffc9c9a73 status=pending
[canonical-api] t=196s prompt_id=8c575ba7-94d1-40b7-b9e8-b43ffc9c9a73 status=pending
[canonical-api] t=201s prompt_id=8c575ba7-94d1-40b7-b9e8-b43ffc9c9a73 status=pending
[canonical-api] t=206s prompt_id=8c575ba7-94d1-40b7-b9e8-b43ffc9c9a73 status=pending
[canonical-api] t=211s prompt_id=8c575ba7-94d1-40b7-b9e8-b43ffc9c9a73 status=pending
[canonical-api] t=216s prompt_id=8c575ba7-94d1-40b7-b9e8-b43ffc9c9a73 status=pending
[canonical-api] t=221s prompt_id=8c575ba7-94d1-40b7-b9e8-b43ffc9c9a73 status=pending
[canonical-api] t=226s prompt_id=8c575ba7-94d1-40b7-b9e8-b43ffc9c9a73 status=pending
[canonical-api] t=231s prompt_id=8c575ba7-94d1-40b7-b9e8-b43ffc9c9a73 status=pending
[canonical-api] t=236s prompt_id=8c575ba7-94d1-40b7-b9e8-b43ffc9c9a73 status=pending
[canonical-api] t=241s prompt_id=8c575ba7-94d1-40b7-b9e8-b43ffc9c9a73 status=pending
[canonical-api] t=246s prompt_id=8c575ba7-94d1-40b7-b9e8-b43ffc9c9a73 status=pending
[canonical-api] t=251s prompt_id=8c575ba7-94d1-40b7-b9e8-b43ffc9c9a73 status=pending
[canonical-api] t=256s prompt_id=8c575ba7-94d1-40b7-b9e8-b43ffc9c9a73 status=pending
[canonical-api] t=261s prompt_id=8c575ba7-94d1-40b7-b9e8-b43ffc9c9a73 status=pending
[canonical-api] t=266s prompt_id=8c575ba7-94d1-40b7-b9e8-b43ffc9c9a73 status=pending
[canonical-api] t=271s prompt_id=8c575ba7-94d1-40b7-b9e8-b43ffc9c9a73 status=pending
[canonical-api] t=276s prompt_id=8c575ba7-94d1-40b7-b9e8-b43ffc9c9a73 status=pending
[canonical-api] t=281s prompt_id=8c575ba7-94d1-40b7-b9e8-b43ffc9c9a73 status=pending
[canonical-api] t=287s prompt_id=8c575ba7-94d1-40b7-b9e8-b43ffc9c9a73 status=pending
[canonical-api] t=292s prompt_id=8c575ba7-94d1-40b7-b9e8-b43ffc9c9a73 status=pending
[canonical-api] t=297s prompt_id=8c575ba7-94d1-40b7-b9e8-b43ffc9c9a73 status=pending
[canonical-api] t=302s prompt_id=8c575ba7-94d1-40b7-b9e8-b43ffc9c9a73 status=pending
[canonical-api] t=307s prompt_id=8c575ba7-94d1-40b7-b9e8-b43ffc9c9a73 status=pending
[canonical-api] t=312s prompt_id=8c575ba7-94d1-40b7-b9e8-b43ffc9c9a73 status=pending
[canonical-api] t=317s prompt_id=8c575ba7-94d1-40b7-b9e8-b43ffc9c9a73 status=pending
[canonical-api] t=322s prompt_id=8c575ba7-94d1-40b7-b9e8-b43ffc9c9a73 status=pending
[canonical-api] t=327s prompt_id=8c575ba7-94d1-40b7-b9e8-b43ffc9c9a73 status=pending
[canonical-api] t=332s prompt_id=8c575ba7-94d1-40b7-b9e8-b43ffc9c9a73 status=pending
[canonical-api] t=337s prompt_id=8c575ba7-94d1-40b7-b9e8-b43ffc9c9a73 status=pending
[canonical-api] t=342s prompt_id=8c575ba7-94d1-40b7-b9e8-b43ffc9c9a73 status=pending
[canonical-api] t=347s prompt_id=8c575ba7-94d1-40b7-b9e8-b43ffc9c9a73 status=pending
[canonical-api] t=352s prompt_id=8c575ba7-94d1-40b7-b9e8-b43ffc9c9a73 status=error
[canonical-api] RESULT FAIL prompt_id=8c575ba7-94d1-40b7-b9e8-b43ffc9c9a73
[canonical-api] ERROR node 1 (OTR_LedgerScriptWriter) raised C:\Users\jeffr\ComfyUI-Installs\ComfyUI\ComfyUI\custom_nodes\ComfyUI-OldTimeRadio.nodes._otr_structured_call.StructuredCallFailedError
[OTR_StructuredCall] 'my_story_treatment' failed after 2 attempt(s); disposition=primary_ladder_exhausted; last error -> PostValidationError: ANNOUNCER is reserved for the frame; give story characters distinct names
traceback (last 9 frames):
  File "C:\Users\jeffr\ComfyUI-Installs\ComfyUI\ComfyUI\execution.py", line 545, in execute
    output_data, output_ui, has_subgraph, has_pending_tasks = await get_output_data(prompt_id, unique_id, obj, input_data_all, execution_block_cb=execution_block_cb, pre_execute_cb=pre_execute_cb, v3_data=v3_data)
                                                              ^^^^^^^^^^^^^^^^^^^^^^^^^^^^^^^^^^^^^^^^^^^^^^^^^^^^^^^^^^^^^^^^^^^^^^^^^^^^^^^^^^^^^^^^^^^^^^^^^^^^^^^^^^^^^^^^^^^^^^^^^^^^^^^^^^^^^^^^^^^^^^^^^^^^^^^
  File "C:\Users\jeffr\ComfyUI-Installs\ComfyUI\ComfyUI\execution.py", line 344, in get_output_data
    return_values = await _async_map_node_over_list(prompt_id, unique_id, obj, input_data_all, obj.FUNCTION, allow_interrupt=True, execution_block_cb=execution_block_cb, pre_execute_cb=pre_execute_cb, v3_data=v3_data)
                    ^^^^^^^^^^^^^^^^^^^^^^^^^^^^^^^^^^^^^^^^^^^^^^^^^^^^^^^^^^^^^^^^^^^^^^^^^^^^^^^^^^^^^^^^^^^^^^^^^^^^^^^^^^^^^^^^^^^^^^^^^^^^^^^^^^^^^^^^^^^^^^^^^^^^^^^^^^^^^^^^^^^^^^^^^^^^^^^^^^^^^^^^^^^^^^^^^^^^^
  File "C:\Users\jeffr\ComfyUI-Installs\ComfyUI\ComfyUI\execution.py", line 318, in _async_map_node_over_list
    await process_inputs(input_dict, i)
  File "C:\Users\jeffr\ComfyUI-Installs\ComfyUI\ComfyUI\execution.py", line 306, in process_inputs
    result = f(**inputs)
             ^^^^^^^^^^^
  File "C:\Users\jeffr\ComfyUI-Installs\ComfyUI\ComfyUI\custom_nodes\ComfyUI-OldTimeRadio\nodes\OTR_LedgerScriptWriter.py", line 3679, in run
    _parts = _lane_runner(
             ^^^^^^^^^^^^^
  File "C:\Users\jeffr\ComfyUI-Installs\ComfyUI\ComfyUI\custom_nodes\ComfyUI-OldTimeRadio\nodes\_otr_my_story.py", line 1055, in run_my_story_episode
    treatment = _pass_treatment(
                ^^^^^^^^^^^^^^^^
  File "C:\Users\jeffr\ComfyUI-Installs\ComfyUI\ComfyUI\custom_nodes\ComfyUI-OldTimeRadio\nodes\_otr_my_story.py", line 516, in _pass_treatment
    return _call(
           ^^^^^^
  File "C:\Users\jeffr\ComfyUI-Installs\ComfyUI\ComfyUI\custom_nodes\ComfyUI-OldTimeRadio\nodes\_otr_my_story.py", line 395, in _call
    authored = structured_call(on_attempt_complete=completed, **kwargs)
               ^^^^^^^^^^^^^^^^^^^^^^^^^^^^^^^^^^^^^^^^^^^^^^^^^^^^^^^^
  File "C:\Users\jeffr\ComfyUI-Installs\ComfyUI\ComfyUI\custom_nodes\ComfyUI-OldTimeRadio\nodes\_otr_structured_call.py", line 1286, in structured_call
    raise StructuredCallFailedError(
