============================= test session starts =============================
platform win32 -- Python 3.12.11, pytest-9.0.2, pluggy-1.6.0
rootdir: C:\Users\jeffr\Documents\ComfyUI\custom_nodes\ComfyUI-OldTimeRadio
configfile: pyproject.toml
plugins: anyio-4.12.1, jaxtyping-0.3.9, langsmith-0.7.12, asyncio-1.3.0, typeguard-4.5.1
asyncio: mode=Mode.STRICT, debug=False, asyncio_default_fixture_loop_scope=function, asyncio_default_test_loop_scope=function
collected 4772 items

tests\test_3d_image_streams.py ...........                               [  0%]
tests\test_announcer_passes.py ................................          [  0%]
tests\test_announcer_voice.py ...............                            [  1%]
tests\test_anti_loop.py ...........                                      [  1%]
tests\test_audio_bars_overlay_bug4.py .......                            [  1%]
tests\test_audio_byte_identical.py .......s..                            [  1%]
tests\test_audio_c7_b3sum_guards.py ....                                 [  1%]
tests\test_audio_c7_clamp_counter.py ..                                  [  1%]
tests\test_audio_cache_impl.py ..............                            [  2%]
tests\test_audio_cache_protocol.py .........                             [  2%]
tests\test_audio_config_schemas.py .....                                 [  2%]
tests\test_audio_dep_pilot.py ..........                                 [  2%]
tests\test_audio_determinism_wrap.py .....                               [  2%]
tests\test_audio_engine_adapters.py ..............                       [  3%]
tests\test_audio_engine_base.py .........                                [  3%]
tests\test_audio_engine_bodies_g1.py ..s.....                            [  3%]
tests\test_audio_engine_registry.py ..........                           [  3%]
tests\test_av_dims.py .......                                            [  3%]
tests\test_b5_visual_polish_collapse.py ......                           [  3%]
tests\test_b6_wiring_guardrails.py ............                          [  4%]
tests\test_b7_forbidden_sweep.py .....                                   [  4%]
tests\test_bark_cast_contract.py .....                                   [  4%]
tests\test_bark_freeze_halt_bypass.py ..........                         [  4%]
tests\test_bark_legacy_node_retired.py ....                              [  4%]
tests\test_bark_trim.py ........                                         [  4%]
tests\test_bark_voice_stage_temps.py ...................s                [  5%]
tests\test_bars_overlay.py .......                                       [  5%]
tests\test_batch_character_voices.py ............                        [  5%]
tests\test_batch_dispatch_retired.py .............                       [  5%]
tests\test_brief_prompt_finishing.py ...................                 [  6%]
tests\test_brief_reader.py ....................                          [  6%]
tests\test_bug295_roster_leak.py .......                                 [  6%]
tests\test_bug_local_282_to_285_quad_fix.py .....................        [  7%]
tests\test_bug_local_287_critic_failure_ships.py ................        [  7%]
tests\test_bug_local_288_sfw_validator.py ...............                [  8%]
tests\test_bug_local_290_pending_cleanup.py ............                 [  8%]
tests\test_bug_local_292_callback_coercion.py .......................... [  8%]
                                                                         [  8%]
tests\test_build_silent_test_episode.py ................................ [  9%]
............................                                             [ 10%]
tests\test_canon.py .......                                              [ 10%]
tests\test_capability_profiles.py .................................      [ 10%]
tests\test_caption_burn_cw4.py .......                                   [ 11%]
tests\test_cascade_freeze_unload_visible.py ...                          [ 11%]
tests\test_cast_contract.py ...............                              [ 11%]
tests\test_cast_contract_helpers.py ........................             [ 11%]
tests\test_cast_contract_rejects_structural_tokens.py ..........         [ 12%]
tests\test_cast_fuzzy_consolidate.py .......................             [ 12%]
tests\test_cast_invariants.py .........                                  [ 12%]
tests\test_cast_llm_naming.py .................                          [ 13%]
tests\test_cast_lock.py ...............                                  [ 13%]
tests\test_cast_randomization.py ....                                    [ 13%]
tests\test_cast_repair.py ......................                         [ 14%]
tests\test_cast_voice_replay_parity.py .....                             [ 14%]
tests\test_catalog_matches_audit_files.py .                              [ 14%]
tests\test_chat_template_kind_dispatch.py .......                        [ 14%]
tests\test_chunk_e_cleanbreak.py ........ss.............                 [ 14%]
tests\test_class_registry.py .......                                     [ 14%]
tests\test_clip_fill.py ..................                               [ 15%]
tests\test_comfy_slot_widgets.py .......................                 [ 15%]
tests\test_compose_exchange.py .................................         [ 16%]
tests\test_compose_line_routing.py s.                                    [ 16%]
tests\test_constrained_generate.py .....                                 [ 16%]
tests\test_constraint_editor_llm.py ...............                      [ 16%]
tests\test_constraint_repair_prompt.py .......                           [ 17%]
tests\test_context_window_precondition.py ....                           [ 17%]
tests\test_core.py ..................................................... [ 18%]
....                                                                     [ 18%]
tests\test_coverage_sweep_acceptance.py ......................           [ 18%]
tests\test_craft_floor.py ..................                             [ 19%]
tests\test_creative_prompt_router.py ......                              [ 19%]
tests\test_creative_prompt_router_exact_match.py .ss....                 [ 19%]
tests\test_creative_prompt_routing_wired.py ..                           [ 19%]
tests\test_cs3_inter_beat_reclaim.py ....                                [ 19%]
tests\test_default_workflow_validator.py ..                              [ 19%]
tests\test_delivery_profiles.py ........                                 [ 19%]
tests\test_delivery_vector.py ..................                         [ 20%]
tests\test_determinism_env_launcher.py ..............                    [ 20%]
tests\test_dialogue_slot_id.py .............                             [ 20%]
tests\test_dramatic_state.py .............                               [ 21%]
tests\test_dramatic_state_derive.py ..........                           [ 21%]
tests\test_dramatic_state_llm.py .......                                 [ 21%]
tests\test_editor_constraints.py .................                       [ 21%]
tests\test_editor_constraints_ledger.py .....                            [ 21%]
tests\test_effective_context_limit.py ....                               [ 21%]
tests\test_engine_profiles.py ...........                                [ 22%]
tests\test_engine_profiles_rank_gate.py ..................               [ 22%]
tests\test_engine_tmp_in_tree.py .....                                   [ 22%]
tests\test_episode_assembler_offset_shift.py ............                [ 22%]
tests\test_era_literals_c2a.py .s...                                     [ 23%]
tests\test_era_literals_c2b.py ..............                            [ 23%]
tests\test_fetch_science_news_no_legacy_wrapper.py .....                 [ 23%]
tests\test_filename_pattern_audit.py ...                                 [ 23%]
tests\test_fixed_shot_duration_stub_rename.py ..........                 [ 23%]
tests\test_fixture_dur_s_audit.py ..                                     [ 23%]
tests\test_flux2_klein_engine.py .......                                 [ 23%]
tests\test_forbidden_sweep_scope.py ...                                  [ 23%]
tests\test_freeze_cascade_g6.py ........                                 [ 24%]
tests\test_freeze_cascade_meta_persistence.py ..........                 [ 24%]
tests\test_freeze_cascade_title_rename.py .                              [ 24%]
tests\test_freeze_cascade_v2_ports.py ........                           [ 24%]
tests\test_freeze_unload_ok_consumed.py ....                             [ 24%]
tests\test_full_workflow_v2_audio_wiring.py .............                [ 24%]
tests\test_g8_line_id_uniqueness.py .......                              [ 25%]
tests\test_helper_paired_signatures.py ......s...                        [ 25%]
tests\test_hud_dossier_bug3.py .........                                 [ 25%]
tests\test_humo_oom_recovery.py sssssssssss.                             [ 25%]
tests\test_image_dep_pilot.py ........                                   [ 25%]
tests\test_image_engine_c2.py ........                                   [ 25%]
tests\test_image_engine_c3.py .............                              [ 26%]
tests\test_image_engine_matrix_peers.py .......................          [ 26%]
tests\test_image_platform_c1.py ..................................s..... [ 27%]
.................                                                        [ 27%]
tests\test_init_aliases_empty.py ..                                      [ 27%]
tests\test_inline_narration_heuristic.py ......................          [ 28%]
tests\test_known_failures_hook_phases.py ...                             [ 28%]
tests\test_kokoro_char_voices.py ..                                      [ 28%]
tests\test_kokoro_legacy_node_retired.py .....                           [ 28%]
tests\test_ledger_rename.py ..........                                   [ 28%]
tests\test_legacy_audit_clean.py ..                                      [ 28%]
tests\test_legacy_contract_retired.py .....                              [ 29%]
tests\test_lfc_b14_unload_on_exit.py .....                               [ 29%]
tests\test_lfc_b1_cascade_unload_in_finally.py ....                      [ 29%]
tests\test_lfc_c4_news_used_passthrough.py .....                         [ 29%]
tests\test_lfc_freeze_cascade_orchestrator.py ..................         [ 29%]
tests\test_lfc_g4_telemetry_derivation.py .....                          [ 29%]
tests\test_lfc_g5_no_pysssss_dependency.py ......                        [ 29%]
tests\test_lfc_phase_0_10_gap_audit.py ................................. [ 30%]
.......................                                                  [ 31%]
tests\test_lfc_phase_7_8_readiness.py .....................              [ 31%]
tests\test_lfc_phase_extinction.py ......                                [ 31%]
tests\test_license_audit_schema.py ....                                  [ 31%]
tests\test_line_composer_arc.py .......                                  [ 31%]
tests\test_line_hygiene.py .........                                     [ 32%]
tests\test_llm_cache_mismatch_diagnostics.py ............                [ 32%]
tests\test_llm_slot_sweep.py ......                                      [ 32%]
tests\test_llm_timeout_queue_halt_smoke.py ....s                         [ 32%]
tests\test_llm_timeout_workflow_pause.py ...s                            [ 32%]
tests\test_loader_backend_protocol.py ......                             [ 32%]
tests\test_loader_body_profiles.py ......                                [ 32%]
tests\test_loader_slot_primitives.py ...................                 [ 33%]
tests\test_lock_cast_routing.py ...                                      [ 33%]
tests\test_look_qa_round5.py ........................................... [ 34%]
.....                                                                    [ 34%]
tests\test_ltx_av_driver_wiring.py ......                                [ 34%]
tests\test_ltx_boomerang.py .................                            [ 34%]
tests\test_ltx_gguf_splice.py ............                               [ 35%]
tests\test_ltx_open_health.py .......                                    [ 35%]
tests\test_lumina_image_engine.py ......                                 [ 35%]
tests\test_meta_paths.py .............                                   [ 35%]
tests\test_meta_slot_transitions.py ...                                  [ 35%]
tests\test_model_catalog_download.py ...............                     [ 36%]
tests\test_model_catalog_scan.py ....................................... [ 36%]
....                                                                     [ 36%]
tests\test_model_catalog_schema.py .....                                 [ 37%]
tests\test_motion_clause.py .........................                    [ 37%]
tests\test_music_prompt_brief_protocol.py ........                       [ 37%]
tests\test_musicgen_brief_rewire.py ............                         [ 37%]
tests\test_naming_conventions.py ....                                    [ 38%]
tests\test_news_briefs_required.py ...                                   [ 38%]
tests\test_news_history_ttl.py ..........                                [ 38%]
tests\test_news_interpreter.py ...........................               [ 38%]
tests\test_news_interpreter_unrouted.py .                                [ 38%]
tests\test_news_interpreter_wiring.py ........                           [ 39%]
tests\test_news_v1_prune.py ....                                         [ 39%]
tests\test_no_cleanup_model_id.py ..                                     [ 39%]
tests\test_no_ltx_style_brief_c3b.py ......                              [ 39%]
tests\test_no_orchestrator_legacy_symbols.py ..............              [ 39%]
tests\test_no_phantom_handlers_b4.py .............                       [ 39%]
tests\test_no_phase_9_call_b3.py .......                                 [ 40%]
tests\test_no_rollback_gates_b2.py ..................                    [ 40%]
tests\test_ollama_backend.py .................                           [ 40%]
tests\test_openrouter_backend.py ....................................... [ 41%]
..                                                                       [ 41%]
tests\test_openrouter_budget_reset.py ...                                [ 41%]
tests\test_openrouter_catalog_rows.py ..............................     [ 42%]
tests\test_openrouter_disabled_smoke.py ......                           [ 42%]
tests\test_openrouter_fail_closed.py ........                            [ 42%]
tests\test_openrouter_meta_stamp.py ........                             [ 42%]
tests\test_openrouter_model_gone.py ............                         [ 43%]
tests\test_openrouter_resolved.py ....                                   [ 43%]
tests\test_openrouter_routing.py .................................       [ 43%]
tests\test_openrouter_slot_resolution_s3.py ............                 [ 44%]
tests\test_openrouter_slot_widgets_s2.py ........                        [ 44%]
tests\test_openrouter_text_only_slots.py ............                    [ 44%]
tests\test_openrouter_wiring.py ........                                 [ 44%]
tests\test_otr_api_companions.py ................                        [ 44%]
tests\test_otr_api_type_validation.py ..............................     [ 45%]
tests\test_otr_audio_utils.py .......                                    [ 45%]
tests\test_otr_captions.py ......                                        [ 45%]
tests\test_otr_casting.py .............................................. [ 46%]
.....................................                                    [ 47%]
tests\test_otr_continuity.py .............                               [ 47%]
tests\test_otr_janitor.py ........                                       [ 48%]
tests\test_otr_ledger_consumers.py ..................................... [ 48%]
..                                                                       [ 48%]
tests\test_otr_memory.py .......                                         [ 49%]
tests\test_otr_render_plan.py ...................                        [ 49%]
tests\test_otr_reroll.py .................                               [ 49%]
tests\test_otr_shot_duration_calculator.py .........................     [ 50%]
tests\test_otr_story_critic.py ............                              [ 50%]
tests\test_otr_style_picker.py ......................................... [ 51%]
........................                                                 [ 51%]
tests\test_otr_workflow_validator.py ...................                 [ 52%]
tests\test_outline_arc_gate.py .............                             [ 52%]
tests\test_outline_cast_drift_hotfix.py ......................           [ 53%]
tests\test_outline_stage3_adjacency.py ............................      [ 53%]
tests\test_output_tree_contract.py .............................         [ 54%]
tests\test_parse_retry.py ..................                             [ 54%]
tests\test_parser_dialogue_floor.py ....................                 [ 55%]
tests\test_per_cue_sfx_dur.py ............                               [ 55%]
tests\test_per_line_audio_meta.py ..........                             [ 55%]
tests\test_period_prompts.py ..................                          [ 55%]
tests\test_period_prose_reflection_boundary.py ...                       [ 55%]
tests\test_phase0_name_roster.py ....................................... [ 56%]
                                                                         [ 56%]
tests\test_phase1_composer_prompt.py ................................... [ 57%]
...............................                                          [ 58%]
tests\test_phase2a_episode_budget.py ................................... [ 58%]
.......................................                                  [ 59%]
tests\test_phase2b_progressive_ledger.py ...................             [ 60%]
tests\test_phase3_ledger_reviewer.py ................................... [ 60%]
..................................................                       [ 61%]
tests\test_pick_style_routing.py ...                                     [ 61%]
tests\test_post_freeze_writeback_audit.py .....................          [ 62%]
tests\test_post_upscale_procgen_blend.py ......................          [ 62%]
tests\test_prepare_text.py ..................                            [ 63%]
tests\test_production_ledger.py ......................................   [ 63%]
tests\test_radio_editor_index_alias.py ....                              [ 64%]
tests\test_reject_gate_sprint3.py .....                                  [ 64%]
tests\test_release_gate.py .................                             [ 64%]
tests\test_render_episode_concat_discovery.py .......                    [ 64%]
tests\test_render_flux_batch.py ...........................              [ 65%]
tests\test_render_humo_batch_plan.py ......                              [ 65%]
tests\test_repair_prompts.py .....................                       [ 65%]
tests\test_reroll_escalation.py ............................             [ 66%]
tests\test_resolved_request_builder.py ............                      [ 66%]
tests\test_resolved_request_shell.py ..................                  [ 67%]
tests\test_run_with_timeout_safe_invalidation.py ..                      [ 67%]
tests\test_sa3_music_prompt_bug408.py ..                                 [ 67%]
tests\test_save_to_episode_workspace.py ........                         [ 67%]
tests\test_script_doctor_hardfail.py .......                             [ 67%]
tests\test_script_prep.py ........                                       [ 67%]
tests\test_scrub_handoff_sprint4.py ....                                 [ 67%]
tests\test_sequencer_ledger.py ....                                      [ 67%]
tests\test_slot_drama_contract.py ........................               [ 68%]
tests\test_slot_drama_contract_a5.py ......                              [ 68%]
tests\test_soak_capstone_acceptance_gates.py ............                [ 68%]
tests\test_speaker_role.py ............................................. [ 69%]
......                                                                   [ 69%]
tests\test_stable_audio_theme.py ...........                             [ 69%]
tests\test_stage1_plan_schema.py ......................................  [ 70%]
tests\test_stage1_tension_floor.py .....                                 [ 70%]
tests\test_stage3_validators.py ........................................ [ 71%]
                                                                         [ 71%]
tests\test_stage3_validators_in_compose_line.py ........                 [ 71%]
tests\test_stage7_shadow_critic_wiring.py .............................. [ 72%]
                                                                         [ 72%]
tests\test_still_aspect_and_labels.py .............                      [ 72%]
tests\test_still_spine_helpers.py ...................................... [ 73%]
................                                                         [ 73%]
tests\test_story_brief_c5a1.py .......................................   [ 74%]
tests\test_story_brief_c5a2.py .........ssss                             [ 74%]
tests\test_story_brief_disposition_logging.py .................          [ 75%]
tests\test_story_brief_helpers_c5b.py ....................               [ 75%]
tests\test_story_brief_repair_pass.py ....                               [ 75%]
tests\test_story_engine_v1.py .......................................... [ 76%]
......                                                                   [ 76%]
tests\test_story_orchestrator_vram_calibration.py ...                    [ 76%]
tests\test_story_quality_scan.py ......................                  [ 77%]
tests\test_structured_call.py ....................                       [ 77%]
tests\test_structured_call_clamp.py .......                              [ 77%]
tests\test_style_palette_drift.py ......                                 [ 78%]
tests\test_style_randomization.py ....                                   [ 78%]
tests\test_sys_specs.py ..                                               [ 78%]
tests\test_system_role_fold.py ...........                               [ 78%]
tests\test_tested_only_dropdown_gate.py ......                           [ 78%]
tests\test_treatment_scanner_unicode.py .......                          [ 78%]
tests\test_tts_engine_sidecars.py ............................           [ 79%]
tests\test_video_character_3d.py ..............................          [ 79%]
tests\test_video_cheap_render.py ...............                         [ 80%]
tests\test_video_dep_pilot.py ................                           [ 80%]
tests\test_video_directory_clip.py ..................                    [ 80%]
tests\test_video_engine_registry_base_additive.py ..............         [ 81%]
tests\test_video_fallback_chain_additive.py .........                    [ 81%]
tests\test_video_gpu_smoke.py .........                                  [ 81%]
tests\test_video_humo.py ...............                                 [ 81%]
tests\test_video_humo_forward.py .....                                   [ 82%]
tests\test_video_ledger.py .......                                       [ 82%]
tests\test_video_ltx_av.py ............                                  [ 82%]
tests\test_video_mesh_stage.py ................................          [ 83%]
tests\test_video_motion.py ............................                  [ 83%]
tests\test_video_motion_common_additive.py ............                  [ 83%]
tests\test_video_motion_forward.py ...........                           [ 84%]
tests\test_video_nsfw_frame_qc.py .............                          [ 84%]
tests\test_video_nsfw_frame_qc_additive.py ...........                   [ 84%]
tests\test_video_platform_aseam.py ..................................... [ 85%]
                                                                         [ 85%]
tests\test_video_registry_additive.py .......                            [ 85%]
tests\test_video_render_driver.py ................                       [ 85%]
tests\test_video_render_driver_additive.py ............................. [ 86%]
........                                                                 [ 86%]
tests\test_video_render_driver_perbeat_audio.py ........................ [ 87%]
....                                                                     [ 87%]
tests\test_video_render_path_cw4.py ..................                   [ 87%]
tests\test_video_resolver_prune_additive.py ..............               [ 87%]
tests\test_video_retry_taxonomy.py ....................                  [ 88%]
tests\test_video_retry_taxonomy_additive.py ...............              [ 88%]
tests\test_video_role_compat_additive.py ............                    [ 88%]
tests\test_video_scene_aware_scopes.py ..........                        [ 89%]
tests\test_video_schemas_additive.py .............                       [ 89%]
tests\test_video_soak_fixture.py ..........                              [ 89%]
tests\test_video_still_parallax.py ................                      [ 89%]
tests\test_video_survival_guide_vectors.py ........                      [ 90%]
tests\test_video_triposr.py .......                                      [ 90%]
tests\test_video_visualizer.py ...................                       [ 90%]
tests\test_video_wrapper_bridge.py ......................                [ 91%]
tests\test_visual_prompt_coercion_contract.py ..                         [ 91%]
tests\test_vocative_drift.py ....................                        [ 91%]
tests\test_voice_assignments_derivation.py ........                      [ 91%]
tests\test_voice_backends.py ..............                              [ 92%]
tests\test_voice_bank.py ........................                        [ 92%]
tests\test_voice_bank_clean.py .....                                     [ 92%]
tests\test_voice_casting_gender_agnostic.py .......                      [ 92%]
tests\test_voice_mixed_rate_resample.py .......                          [ 92%]
tests\test_voice_resolver.py ............                                [ 93%]
tests\test_vram_envelope_c4.py ......                                    [ 93%]
tests\test_vram_levers_surgical.py .....                                 [ 93%]
tests\test_wan_capability_row.py .....                                   [ 93%]
tests\test_wan_clip_contract.py .............                            [ 93%]
tests\test_wan_init_staging.py .........                                 [ 94%]
tests\test_wan_loader_preflight.py .......                               [ 94%]
tests\test_wan_ti2v.py .........................................         [ 95%]
tests\test_wardrobe.py ...............                                   [ 95%]
tests\test_wedge_probe.py ........                                       [ 95%]
tests\test_workflow_apply.py ..................                          [ 95%]
tests\test_workflow_canonical_baseline.py ...                            [ 95%]
tests\test_workflow_contract_validation.py ..............                [ 96%]
tests\test_workflow_director_freedom.py .                                [ 96%]
tests\test_workflow_graph_integrity_guards.py ....                       [ 96%]
tests\test_workflow_json_guardrails.py .................sssss........... [ 97%]
...........................                                              [ 97%]
tests\test_workflow_json_wiring_invariants.py ....                       [ 97%]
tests\test_workflow_link_target_indexes.py .....                         [ 97%]
tests\test_workflow_live_passes_validator.py ..                          [ 97%]
tests\test_workflow_validator_empty_path_fallback.py .....               [ 97%]
tests\test_workflow_validator_extended.py ............                   [ 98%]
tests\test_workflow_validator_paths.py ......                            [ 98%]
tests\test_workflow_validator_widget_vector.py .                         [ 98%]
tests\test_workflow_zod_shape.py ...................................     [ 99%]
tests\test_writer_cast_lock_voice_preset.py .......                      [ 99%]
tests\test_writer_input_resolve.py ..                                    [ 99%]
tests\test_writer_llm_unload.py ....                                     [ 99%]
tests\test_writer_paired_wiring.py .                                     [ 99%]
tests\test_writer_slot_routing.py .........                              [ 99%]
tests\test_writer_stamps_creative_meta.py ...                            [ 99%]
tests\test_writer_stamps_episode_title.py ...                            [ 99%]
tests\test_writer_title_scratchpad.py ................                   [100%]

============================== warnings summary ===============================
<frozen importlib._bootstrap>:488
  <frozen importlib._bootstrap>:488: DeprecationWarning: builtin type SwigPyPacked has no __module__ attribute

<frozen importlib._bootstrap>:488
  <frozen importlib._bootstrap>:488: DeprecationWarning: builtin type SwigPyObject has no __module__ attribute

tests/test_bark_voice_stage_temps.py::test_route_probe_bark_generate_supports_stage_prefix
  C:\Users\jeffr\Documents\ComfyUI\.venv\Lib\site-packages\torchao\dtypes\uintx\__init__.py:1: DeprecationWarning: Importing from torchao.dtypes.uintx.dyn_int8_act_int4_wei_cpu_layout is deprecated. Please use 'from torchao.prototype.dtypes import Int8DynamicActInt4WeightCPULayout' instead. This import path will be removed in a future release of torchao. See https://github.com/pytorch/ao/issues/2752 for more details.
    from .dyn_int8_act_int4_wei_cpu_layout import (

tests/test_bark_voice_stage_temps.py::test_route_probe_bark_generate_supports_stage_prefix
  C:\Users\jeffr\Documents\ComfyUI\.venv\Lib\site-packages\torchao\dtypes\uintx\__init__.py:22: DeprecationWarning: Importing from torchao.dtypes.uintx.uintx_layout is deprecated. Please use 'from torchao.prototype.dtypes import UintxLayout, UintxTensor' instead. This import path will be removed in a future release of torchao. See https://github.com/pytorch/ao/issues/2752 for more details.
    from .uintx_layout import (

tests/test_bark_voice_stage_temps.py::test_route_probe_bark_generate_supports_stage_prefix
  C:\Users\jeffr\Documents\ComfyUI\.venv\Lib\site-packages\torchao\dtypes\__init__.py:23: DeprecationWarning: Importing BlockSparseLayout from torchao.dtypes is deprecated. Please use 'from torchao.prototype.dtypes import BlockSparseLayout' instead. This import path will be removed in a future torchao release. Please check issue: https://github.com/pytorch/ao/issues/2752 for more details. 
    from .uintx.block_sparse_layout import BlockSparseLayout

-- Docs: https://docs.pytest.org/en/stable/how-to/capture-warnings.html
=========== 4739 passed, 33 skipped, 5 warnings in 74.03s (0:01:14) ===========
